
> @workspace/game-forge@0.1.0 prebuild F:\GitHub\Grudge-Studio-Forge\artifacts\game-forge
> pnpm --filter @workspace/player run build


> @workspace/player@0.0.0 build F:\GitHub\Grudge-Studio-Forge\artifacts\player
> vite build --config vite.config.ts && node copy-to-editor.mjs

[36mvite v7.3.2 [32mbuilding client environment for production...[36m[39m
transforming...
[32mΓ£ô[39m 779 modules transformed.
rendering chunks...
[plugin vite:singlefile] 

[plugin vite:singlefile] Inlining: index-CXjyzYgq.js
computing gzip size...
[2mdist/[22m[32mcolliderBaker.worker-CfXk0eHM.js  [39m[1m[2m  189.08 kB[22m[1m[22m
[2mdist/[22m[32mindex.html                        [39m[1m[2m6,942.17 kB[22m[1m[22m[2m Γöé gzip: 2,487.93 kB[22m
[32mΓ£ô built in 1m 45s[39m
[player] copied F:\GitHub\Grudge-Studio-Forge\artifacts\player\dist\index.html -> F:\GitHub\Grudge-Studio-Forge\artifacts\game-forge\public\player.html

> @workspace/game-forge@0.1.0 build F:\GitHub\Grudge-Studio-Forge\artifacts\game-forge
> vite build --config vite.config.ts

[36mvite v7.3.2 [32mbuilding client environment for production...[36m[39m
transforming...
pnpm : memory allocation of 2013265920 bytes failed
At line:1 char:1
+ pnpm --filter @workspace/game-forge run build 2>&1 | Out-File -FilePa ...
+ ~~~~~~~~~~~~~~~~~~~~~~~~~~~~~~~~~~~~~~~~~~~~~~~~~~
    + CategoryInfo          : NotSpecified: (memory allocati...20 bytes failed:String) [], RemoteException
    + FullyQualifiedErrorId : NativeCommandError
 
F:\GitHub\Grudge-Studio-Forge\artifacts\game-forge:
ΓÇëERR_PNPM_RECURSIVE_RUN_FIRST_FAILΓÇë @workspace/game-forge@0.1.0 build: `vite build --config vite.config.ts`
Exit status 3221226505
